Archive member included to satisfy reference by file (symbol)

D:/ST/STM32CubeIDE_2.1.0/STM32CubeIDE/plugins/com.st.stm32cube.ide.mcu.externaltools.gnu-tools-for-stm32.14.3.rel1.win32_1.0.100.202602081740/tools/bin/../lib/gcc/arm-none-eabi/14.3.1/../../../../arm-none-eabi/lib/thumb/v7e-m+fp/hard\libc_nano.a(libc_a-exit.o)
                              D:/ST/STM32CubeIDE_2.1.0/STM32CubeIDE/plugins/com.st.stm32cube.ide.mcu.externaltools.gnu-tools-for-stm32.14.3.rel1.win32_1.0.100.202602081740/tools/bin/../lib/gcc/arm-none-eabi/14.3.1/../../../../arm-none-eabi/lib/thumb/v7e-m+fp/hard/crt0.o (exit)
D:/ST/STM32CubeIDE_2.1.0/STM32CubeIDE/plugins/com.st.stm32cube.ide.mcu.externaltools.gnu-tools-for-stm32.14.3.rel1.win32_1.0.100.202602081740/tools/bin/../lib/gcc/arm-none-eabi/14.3.1/../../../../arm-none-eabi/lib/thumb/v7e-m+fp/hard\libc_nano.a(libc_a-findfp.o)
                              D:/ST/STM32CubeIDE_2.1.0/STM32CubeIDE/plugins/com.st.stm32cube.ide.mcu.externaltools.gnu-tools-for-stm32.14.3.rel1.win32_1.0.100.202602081740/tools/bin/../lib/gcc/arm-none-eabi/14.3.1/../../../../arm-none-eabi/lib/thumb/v7e-m+fp/hard\libc_nano.a(libc_a-exit.o) (__stdio_exit_handler)
D:/ST/STM32CubeIDE_2.1.0/STM32CubeIDE/plugins/com.st.stm32cube.ide.mcu.externaltools.gnu-tools-for-stm32.14.3.rel1.win32_1.0.100.202602081740/tools/bin/../lib/gcc/arm-none-eabi/14.3.1/../../../../arm-none-eabi/lib/thumb/v7e-m+fp/hard\libc_nano.a(libc_a-fwalk.o)
                              D:/ST/STM32CubeIDE_2.1.0/STM32CubeIDE/plugins/com.st.stm32cube.ide.mcu.externaltools.gnu-tools-for-stm32.14.3.rel1.win32_1.0.100.202602081740/tools/bin/../lib/gcc/arm-none-eabi/14.3.1/../../../../arm-none-eabi/lib/thumb/v7e-m+fp/hard\libc_nano.a(libc_a-findfp.o) (_fwalk_sglue)
D:/ST/STM32CubeIDE_2.1.0/STM32CubeIDE/plugins/com.st.stm32cube.ide.mcu.externaltools.gnu-tools-for-stm32.14.3.rel1.win32_1.0.100.202602081740/tools/bin/../lib/gcc/arm-none-eabi/14.3.1/../../../../arm-none-eabi/lib/thumb/v7e-m+fp/hard\libc_nano.a(libc_a-stdio.o)
                              D:/ST/STM32CubeIDE_2.1.0/STM32CubeIDE/plugins/com.st.stm32cube.ide.mcu.externaltools.gnu-tools-for-stm32.14.3.rel1.win32_1.0.100.202602081740/tools/bin/../lib/gcc/arm-none-eabi/14.3.1/../../../../arm-none-eabi/lib/thumb/v7e-m+fp/hard\libc_nano.a(libc_a-findfp.o) (__sread)
D:/ST/STM32CubeIDE_2.1.0/STM32CubeIDE/plugins/com.st.stm32cube.ide.mcu.externaltools.gnu-tools-for-stm32.14.3.rel1.win32_1.0.100.202602081740/tools/bin/../lib/gcc/arm-none-eabi/14.3.1/../../../../arm-none-eabi/lib/thumb/v7e-m+fp/hard\libc_nano.a(libc_a-memset.o)
                              D:/ST/STM32CubeIDE_2.1.0/STM32CubeIDE/plugins/com.st.stm32cube.ide.mcu.externaltools.gnu-tools-for-stm32.14.3.rel1.win32_1.0.100.202602081740/tools/bin/../lib/gcc/arm-none-eabi/14.3.1/../../../../arm-none-eabi/lib/thumb/v7e-m+fp/hard/crt0.o (memset)
D:/ST/STM32CubeIDE_2.1.0/STM32CubeIDE/plugins/com.st.stm32cube.ide.mcu.externaltools.gnu-tools-for-stm32.14.3.rel1.win32_1.0.100.202602081740/tools/bin/../lib/gcc/arm-none-eabi/14.3.1/../../../../arm-none-eabi/lib/thumb/v7e-m+fp/hard\libc_nano.a(libc_a-closer.o)
                              D:/ST/STM32CubeIDE_2.1.0/STM32CubeIDE/plugins/com.st.stm32cube.ide.mcu.externaltools.gnu-tools-for-stm32.14.3.rel1.win32_1.0.100.202602081740/tools/bin/../lib/gcc/arm-none-eabi/14.3.1/../../../../arm-none-eabi/lib/thumb/v7e-m+fp/hard\libc_nano.a(libc_a-stdio.o) (_close_r)
D:/ST/STM32CubeIDE_2.1.0/STM32CubeIDE/plugins/com.st.stm32cube.ide.mcu.externaltools.gnu-tools-for-stm32.14.3.rel1.win32_1.0.100.202602081740/tools/bin/../lib/gcc/arm-none-eabi/14.3.1/../../../../arm-none-eabi/lib/thumb/v7e-m+fp/hard\libc_nano.a(libc_a-reent.o)
                              D:/ST/STM32CubeIDE_2.1.0/STM32CubeIDE/plugins/com.st.stm32cube.ide.mcu.externaltools.gnu-tools-for-stm32.14.3.rel1.win32_1.0.100.202602081740/tools/bin/../lib/gcc/arm-none-eabi/14.3.1/../../../../arm-none-eabi/lib/thumb/v7e-m+fp/hard\libc_nano.a(libc_a-closer.o) (errno)
D:/ST/STM32CubeIDE_2.1.0/STM32CubeIDE/plugins/com.st.stm32cube.ide.mcu.externaltools.gnu-tools-for-stm32.14.3.rel1.win32_1.0.100.202602081740/tools/bin/../lib/gcc/arm-none-eabi/14.3.1/../../../../arm-none-eabi/lib/thumb/v7e-m+fp/hard\libc_nano.a(libc_a-impure.o)
                              D:/ST/STM32CubeIDE_2.1.0/STM32CubeIDE/plugins/com.st.stm32cube.ide.mcu.externaltools.gnu-tools-for-stm32.14.3.rel1.win32_1.0.100.202602081740/tools/bin/../lib/gcc/arm-none-eabi/14.3.1/../../../../arm-none-eabi/lib/thumb/v7e-m+fp/hard\libc_nano.a(libc_a-reent.o) (_impure_ptr)
D:/ST/STM32CubeIDE_2.1.0/STM32CubeIDE/plugins/com.st.stm32cube.ide.mcu.externaltools.gnu-tools-for-stm32.14.3.rel1.win32_1.0.100.202602081740/tools/bin/../lib/gcc/arm-none-eabi/14.3.1/../../../../arm-none-eabi/lib/thumb/v7e-m+fp/hard\libc_nano.a(libc_a-lseekr.o)
[...]
Memory Configuration

Name             Origin             Length             Attributes
CCMRAM           0x10000000         0x00010000         xrw
RAM              0x20000000         0x00030000         xrw
FLASH            0x08000000         0x00200000         xr
*default*        0x00000000         0xffffffff

Linker script and memory map

LOAD D:/ST/STM32CubeIDE_2.1.0/STM32CubeIDE/plugins/com.st.stm32cube.ide.mcu.externaltools.gnu-tools-for-stm32.14.3.rel1.win32_1.0.100.202602081740/tools/bin/../lib/gcc/arm-none-eabi/14.3.1/thumb/v7e-m+fp/hard/crti.o
LOAD D:/ST/STM32CubeIDE_2.1.0/STM32CubeIDE/plugins/com.st.stm32cube.ide.mcu.externaltools.gnu-tools-for-stm32.14.3.rel1.win32_1.0.100.202602081740/tools/bin/../lib/gcc/arm-none-eabi/14.3.1/thumb/v7e-m+fp/hard/crtbegin.o
LOAD D:/ST/STM32CubeIDE_2.1.0/STM32CubeIDE/plugins/com.st.stm32cube.ide.mcu.externaltools.gnu-tools-for-stm32.14.3.rel1.win32_1.0.100.202602081740/tools/bin/../lib/gcc/arm-none-eabi/14.3.1/../../../../arm-none-eabi/lib/thumb/v7e-m+fp/hard/crt0.o
LOAD ./Drivers/STM32F4xx_HAL_Driver/Src/stm32f4xx_hal.o
LOAD ./Drivers/STM32F4xx_HAL_Driver/Src/stm32f4xx_hal_cortex.o
LOAD ./Drivers/STM32F4xx_HAL_Driver/Src/stm32f4xx_hal_dma.o
LOAD ./Drivers/STM32F4xx_HAL_Driver/Src/stm32f4xx_hal_dma_ex.o
LOAD ./Drivers/STM32F4xx_HAL_Driver/Src/stm32f4xx_hal_exti.o
LOAD ./Drivers/STM32F4xx_HAL_Driver/Src/stm32f4xx_hal_flash.o
LOAD ./Drivers/STM32F4xx_HAL_Driver/Src/stm32f4xx_hal_flash_ex.o
LOAD ./Drivers/STM32F4xx_HAL_Driver/Src/stm32f4xx_hal_flash_ramfunc.o
LOAD ./Drivers/STM32F4xx_HAL_Driver/Src/stm32f4xx_hal_gpio.o
LOAD ./Drivers/STM32F4xx_HAL_Driver/Src/stm32f4xx_hal_i2c.o
LOAD ./Drivers/STM32F4xx_HAL_Driver/Src/stm32f4xx_hal_i2c_ex.o
LOAD ./Drivers/STM32F4xx_HAL_Driver/Src/stm32f4xx_hal_pwr.o
LOAD ./Drivers/STM32F4xx_HAL_Driver/Src/stm32f4xx_hal_pwr_ex.o
LOAD ./Drivers/STM32F4xx_HAL_Driver/Src/stm32f4xx_hal_rcc.o
LOAD ./Drivers/STM32F4xx_HAL_Driver/Src/stm32f4xx_hal_rcc_ex.o
LOAD ./Drivers/STM32F4xx_HAL_Driver/Src/stm32f4xx_hal_spi.o
LOAD ./Drivers/STM32F4xx_HAL_Driver/Src/stm32f4xx_hal_tim.o
LOAD ./Drivers/STM32F4xx_HAL_Driver/Src/stm32f4xx_hal_tim_ex.o
LOAD ./Src/adxl345_i2c.o
LOAD ./Src/adxl345_spi.o
LOAD ./Src/l3gd20.o
LOAD ./Src/main.o
LOAD ./Src/stm32f4xx_hal_msp.o
LOAD ./Src/stm32f4xx_it.o
LOAD ./Src/syscalls.o
LOAD ./Src/sysmem.o
LOAD ./Src/system_stm32f4xx.o
LOAD ./Startup/startup_stm32f429zitx.o
START GROUP
LOAD D:/ST/STM32CubeIDE_2.1.0/STM32CubeIDE/plugins/com.st.stm32cube.ide.mcu.externaltools.gnu-tools-for-stm32.14.3.rel1.win32_1.0.100.202602081740/tools/bin/../lib/gcc/arm-none-eabi/14.3.1/../../../../arm-none-eabi/lib/thumb/v7e-m+fp/hard\libc_nano.a
LOAD D:/ST/STM32CubeIDE_2.1.0/STM32CubeIDE/plugins/com.st.stm32cube.ide.mcu.externaltools.gnu-tools-for-stm32.14.3.rel1.win32_1.0.100.202602081740/tools/bin/../lib/gcc/arm-none-eabi/14.3.1/../../../../arm-none-eabi/lib/thumb/v7e-m+fp/hard\libm.a
END GROUP
START GROUP
LOAD D:/ST/STM32CubeIDE_2.1.0/STM32CubeIDE/plugins/com.st.stm32cube.ide.mcu.externaltools.gnu-tools-for-stm32.14.3.rel1.win32_1.0.100.202602081740/tools/bin/../lib/gcc/arm-none-eabi/14.3.1/thumb/v7e-m+fp/hard\libgcc.a
LOAD D:/ST/STM32CubeIDE_2.1.0/STM32CubeIDE/plugins/com.st.stm32cube.ide.mcu.externaltools.gnu-tools-for-stm32.14.3.rel1.win32_1.0.100.202602081740/tools/bin/../lib/gcc/arm-none-eabi/14.3.1/../../../../arm-none-eabi/lib/thumb/v7e-m+fp/hard\libc_nano.a
END GROUP
START GROUP
LOAD D:/ST/STM32CubeIDE_2.1.0/STM32CubeIDE/plugins/com.st.stm32cube.ide.mcu.externaltools.gnu-tools-for-stm32.14.3.rel1.win32_1.0.100.202602081740/tools/bin/../lib/gcc/arm-none-eabi/14.3.1/thumb/v7e-m+fp/hard\libgcc.a
LOAD D:/ST/STM32CubeIDE_2.1.0/STM32CubeIDE/plugins/com.st.stm32cube.ide.mcu.externaltools.gnu-tools-for-stm32.14.3.rel1.win32_1.0.100.202602081740/tools/bin/../lib/gcc/arm-none-eabi/14.3.1/../../../../arm-none-eabi/lib/thumb/v7e-m+fp/hard\libc_nano.a
LOAD D:/ST/STM32CubeIDE_2.1.0/STM32CubeIDE/plugins/com.st.stm32cube.ide.mcu.externaltools.gnu-tools-for-stm32.14.3.rel1.win32_1.0.100.202602081740/tools/bin/../lib/gcc/arm-none-eabi/14.3.1/../../../../arm-none-eabi/lib/thumb/v7e-m+fp/hard\libnosys.a
END GROUP
START GROUP
LOAD D:/ST/STM32CubeIDE_2.1.0/STM32CubeIDE/plugins/com.st.stm32cube.ide.mcu.externaltools.gnu-tools-for-stm32.14.3.rel1.win32_1.0.100.202602081740/tools/bin/../lib/gcc/arm-none-eabi/14.3.1/thumb/v7e-m+fp/hard\libgcc.a
LOAD D:/ST/STM32CubeIDE_2.1.0/STM32CubeIDE/plugins/com.st.stm32cube.ide.mcu.externaltools.gnu-tools-for-stm32.14.3.rel1.win32_1.0.100.202602081740/tools/bin/../lib/gcc/arm-none-eabi/14.3.1/../../../../arm-none-eabi/lib/thumb/v7e-m+fp/hard\libc_nano.a
LOAD D:/ST/STM32CubeIDE_2.1.0/STM32CubeIDE/plugins/com.st.stm32cube.ide.mcu.externaltools.gnu-tools-for-stm32.14.3.rel1.win32_1.0.100.202602081740/tools/bin/../lib/gcc/arm-none-eabi/14.3.1/../../../../arm-none-eabi/lib/thumb/v7e-m+fp/hard\libnosys.a
END GROUP
LOAD D:/ST/STM32CubeIDE_2.1.0/STM32CubeIDE/plugins/com.st.stm32cube.ide.mcu.externaltools.gnu-tools-for-stm32.14.3.rel1.win32_1.0.100.202602081740/tools/bin/../lib/gcc/arm-none-eabi/14.3.1/thumb/v7e-m+fp/hard/crtend.o
LOAD D:/ST/STM32CubeIDE_2.1.0/STM32CubeIDE/plugins/com.st.stm32cube.ide.mcu.externaltools.gnu-tools-for-stm32.14.3.rel1.win32_1.0.100.202602081740/tools/bin/../lib/gcc/arm-none-eabi/14.3.1/thumb/v7e-m+fp/hard/crtn.o
                0x20030000                        _estack = (ORIGIN (RAM) + LENGTH (RAM))
                0x00000200                        _Min_Heap_Size = 0x200
                0x00000400                        _Min_Stack_Size = 0x400

.isr_vector     0x08000000      0x1ac
                0x08000000                        . = ALIGN (0x4)
 *(.isr_vector)
 .isr_vector    0x08000000      0x1ac ./Startup/startup_stm32f429zitx.o
                0x08000000                g_pfnVectors
                0x080001ac                        . = ALIGN (0x4)

.text           0x080001b0     0x5b9c
                0x080001b0                        . = ALIGN (0x4)
 *(.text)
 .text          0x080001b0       0x40 D:/ST/STM32CubeIDE_2.1.0/STM32CubeIDE/plugins/com.st.stm32cube.ide.mcu.externaltools.gnu-tools-for-stm32.14.3.rel1.win32_1.0.100.202602081740/tools/bin/../lib/gcc/arm-none-eabi/14.3.1/thumb/v7e-m+fp/hard/crtbegin.o
 .text          0x080001f0      0x254 D:/ST/STM32CubeIDE_2.1.0/STM32CubeIDE/plugins/com.st.stm32cube.ide.mcu.externaltools.gnu-tools-for-stm32.14.3.rel1.win32_1.0.100.202602081740/tools/bin/../lib/gcc/arm-none-eabi/14.3.1/thumb/v7e-m+fp/hard\libgcc.a(_arm_muldf3.o)
                0x080001f0                __muldf3
                0x080001f0                __aeabi_dmul
 .text          0x08000444      0x378 D:/ST/STM32CubeIDE_2.1.0/STM32CubeIDE/plugins/com.st.stm32cube.ide.mcu.externaltools.gnu-tools-for-stm32.14.3.rel1.win32_1.0.100.202602081740/tools/bin/../lib/gcc/arm-none-eabi/14.3.1/thumb/v7e-m+fp/hard\libgcc.a(_arm_addsubdf3.o)
                0x08000444                __aeabi_drsub
                0x0800044c                __aeabi_dsub
                0x0800044c                __subdf3
                0x08000450                __aeabi_dadd
                0x08000450                __adddf3
                0x080006c8                __floatunsidf
                0x080006c8                __aeabi_ui2d
                0x080006e8                __floatsidf
                0x080006e8                __aeabi_i2d
                0x0800070c                __aeabi_f2d
                0x0800070c                __extendsfdf2
                0x08000750                __floatundidf
                0x08000750                __aeabi_ul2d
                0x08000760                __floatdidf
                0x08000760                __aeabi_l2d
 .text          0x080007bc       0xa0 D:/ST/STM32CubeIDE_2.1.0/STM32CubeIDE/plugins/com.st.stm32cube.ide.mcu.externaltools.gnu-tools-for-stm32.14.3.rel1.win32_1.0.100.202602081740/tools/bin/../lib/gcc/arm-none-eabi/14.3.1/thumb/v7e-m+fp/hard\libgcc.a(_arm_truncdfsf2.o)
                0x080007bc                __truncdfsf2
                0x080007bc                __aeabi_d2f
 .text          0x0800085c       0x30 D:/ST/STM32CubeIDE_2.1.0/STM32CubeIDE/plugins/com.st.stm32cube.ide.mcu.externaltools.gnu-tools-for-stm32.14.3.rel1.win32_1.0.100.202602081740/tools/bin/../lib/gcc/arm-none-eabi/14.3.1/thumb/v7e-m+fp/hard\libgcc.a(_aeabi_uldivmod.o)
                0x0800085c                __aeabi_uldivmod
 .text          0x0800088c      0x2f8 D:/ST/STM32CubeIDE_2.1.0/STM32CubeIDE/plugins/com.st.stm32cube.ide.mcu.externaltools.gnu-tools-for-stm32.14.3.rel1.win32_1.0.100.202602081740/tools/bin/../lib/gcc/arm-none-eabi/14.3.1/thumb/v7e-m+fp/hard\libgcc.a(_udivmoddi4.o)
                0x0800088c                __udivmoddi4
 .text          0x08000b84        0x4 D:/ST/STM32CubeIDE_2.1.0/STM32CubeIDE/plugins/com.st.stm32cube.ide.mcu.externaltools.gnu-tools-for-stm32.14.3.rel1.win32_1.0.100.202602081740/tools/bin/../lib/gcc/arm-none-eabi/14.3.1/thumb/v7e-m+fp/hard\libgcc.a(_dvmd_tls.o)
                0x08000b84                __aeabi_idiv0
                0x08000b84                __aeabi_ldiv0
 *(.text*)
 .text.HAL_Init
                0x08000b88       0x44 ./Drivers/STM32F4xx_HAL_Driver/Src/stm32f4xx_hal.o
                0x08000b88                HAL_Init
 .text.HAL_InitTick
                0x08000bcc       0x60 ./Drivers/STM32F4xx_HAL_Driver/Src/stm32f4xx_hal.o
                0x08000bcc                HAL_InitTick
 .text.HAL_IncTick
                0x08000c2c       0x28 ./Drivers/STM32F4xx_HAL_Driver/Src/stm32f4xx_hal.o
                0x08000c2c                HAL_IncTick
 .text.HAL_GetTick
                0x08000c54       0x18 ./Drivers/STM32F4xx_HAL_Driver/Src/stm32f4xx_hal.o
                0x08000c54                HAL_GetTick
 .text.HAL_Delay
                0x08000c6c       0x48 ./Drivers/STM32F4xx_HAL_Driver/Src/stm32f4xx_hal.o
                0x08000c6c                HAL_Delay
 .text.__NVIC_SetPriorityGrouping
                0x08000cb4       0x48 ./Drivers/STM32F4xx_HAL_Driver/Src/stm32f4xx_hal_cortex.o
 .text.__NVIC_GetPriorityGrouping
                0x08000cfc       0x1c ./Drivers/STM32F4xx_HAL_Driver/Src/stm32f4xx_hal_cortex.o
 .text.__NVIC_EnableIRQ
                0x08000d18       0x3c ./Drivers/STM32F4xx_HAL_Driver/Src/stm32f4xx_hal_cortex.o
 .text.__NVIC_SetPriority
                0x08000d54       0x54 ./Drivers/STM32F4xx_HAL_Driver/Src/stm32f4xx_hal_cortex.o
 .text.NVIC_EncodePriority
                0x08000da8       0x66 ./Drivers/STM32F4xx_HAL_Driver/Src/stm32f4xx_hal_cortex.o
 *fill*         0x08000e0e        0x2 
 .text.SysTick_Config
                0x08000e10       0x44 ./Drivers/STM32F4xx_HAL_Driver/Src/stm32f4xx_hal_cortex.o
 .text.HAL_NVIC_SetPriorityGrouping
                0x08000e54       0x16 ./Drivers/STM32F4xx_HAL_Driver/Src/stm32f4xx_hal_cortex.o
                0x08000e54                HAL_NVIC_SetPriorityGrouping
 .text.HAL_NVIC_SetPriority
                0x08000e6a       0x38 ./Drivers/STM32F4xx_HAL_Driver/Src/stm32f4xx_hal_cortex.o
                0x08000e6a                HAL_NVIC_SetPriority
 .text.HAL_NVIC_EnableIRQ
                0x08000ea2       0x1c ./Drivers/STM32F4xx_HAL_Driver/Src/stm32f4xx_hal_cortex.o
                0x08000ea2                HAL_NVIC_EnableIRQ
 .text.HAL_SYSTICK_Config
                0x08000ebe       0x18 ./Drivers/STM32F4xx_HAL_Driver/Src/stm32f4xx_hal_cortex.o
                0x08000ebe                HAL_SYSTICK_Config
 *fill*         0x08000ed6        0x2 
 .text.HAL_DMA_Init
                0x08000ed8      0x15c ./Drivers/STM32F4xx_HAL_Driver/Src/stm32f4xx_hal_dma.o
                0x08000ed8                HAL_DMA_Init
 .text.HAL_DMA_Start_IT
                0x08001034       0xb0 ./Drivers/STM32F4xx_HAL_Driver/Src/stm32f4xx_hal_dma.o
                0x08001034                HAL_DMA_Start_IT
 .text.HAL_DMA_Abort_IT
                0x080010e4       0x44 ./Drivers/STM32F4xx_HAL_Driver/Src/stm32f4xx_hal_dma.o
                0x080010e4                HAL_DMA_Abort_IT
 .text.HAL_DMA_IRQHandler
                0x08001128      0x314 ./Drivers/STM32F4xx_HAL_Driver/Src/stm32f4xx_hal_dma.o
                0x08001128                HAL_DMA_IRQHandler
 .text.DMA_SetConfig
                0x0800143c       0x5c ./Drivers/STM32F4xx_HAL_Driver/Src/stm32f4xx_hal_dma.o
 .text.DMA_CalcBaseAndBitshift
                0x08001498       0x6c ./Drivers/STM32F4xx_HAL_Driver/Src/stm32f4xx_hal_dma.o
 .text.DMA_CheckFifoParam
                0x08001504       0xf8 ./Drivers/STM32F4xx_HAL_Driver/Src/stm32f4xx_hal_dma.o
 .text.HAL_GPIO_Init
                0x080015fc      0x358 ./Drivers/STM32F4xx_HAL_Driver/Src/stm32f4xx_hal_gpio.o
                0x080015fc                HAL_GPIO_Init
 .text.HAL_GPIO_WritePin
                0x08001954       0x32 ./Drivers/STM32F4xx_HAL_Driver/Src/stm32f4xx_hal_gpio.o
                0x08001954                HAL_GPIO_WritePin
 .text.HAL_GPIO_TogglePin
                0x08001986       0x34 ./Drivers/STM32F4xx_HAL_Driver/Src/stm32f4xx_hal_gpio.o
                0x08001986                HAL_GPIO_TogglePin
 *fill*         0x080019ba        0x2 
 .text.HAL_I2C_Init
                0x080019bc      0x288 ./Drivers/STM32F4xx_HAL_Driver/Src/stm32f4xx_hal_i2c.o
                0x080019bc                HAL_I2C_Init
 .text.HAL_I2C_Mem_Write
                0x08001c44      0x1f4 ./Drivers/STM32F4xx_HAL_Driver/Src/stm32f4xx_hal_i2c.o
                0x08001c44                HAL_I2C_Mem_Write
 .text.HAL_I2C_Mem_Read
                0x08001e38      0x464 ./Drivers/STM32F4xx_HAL_Driver/Src/stm32f4xx_hal_i2c.o
                0x08001e38                HAL_I2C_Mem_Read
 .text.I2C_RequestMemoryWrite
                0x0800229c      0x12c ./Drivers/STM32F4xx_HAL_Driver/Src/stm32f4xx_hal_i2c.o
 .text.I2C_RequestMemoryRead
                0x080023c8      0x1d0 ./Drivers/STM32F4xx_HAL_Driver/Src/stm32f4xx_hal_i2c.o
 .text.I2C_WaitOnFlagUntilTimeout
                0x08002598       0xf4 ./Drivers/STM32F4xx_HAL_Driver/Src/stm32f4xx_hal_i2c.o
 .text.I2C_WaitOnMasterAddressFlagUntilTimeout
                0x0800268c      0x140 ./Drivers/STM32F4xx_HAL_Driver/Src/stm32f4xx_hal_i2c.o
 .text.I2C_WaitOnTXEFlagUntilTimeout
                0x080027cc       0x90 ./Drivers/STM32F4xx_HAL_Driver/Src/stm32f4xx_hal_i2c.o
 .text.I2C_WaitOnBTFFlagUntilTimeout
                0x0800285c       0x90 ./Drivers/STM32F4xx_HAL_Driver/Src/stm32f4xx_hal_i2c.o
 .text.I2C_WaitOnRXNEFlagUntilTimeout
                0x080028ec       0xba ./Drivers/STM32F4xx_HAL_Driver/Src/stm32f4xx_hal_i2c.o
 .text.I2C_IsAcknowledgeFailed
                0x080029a6       0x5e ./Drivers/STM32F4xx_HAL_Driver/Src/stm32f4xx_hal_i2c.o
 .text.HAL_I2CEx_ConfigAnalogFilter
                0x08002a04       0x78 ./Drivers/STM32F4xx_HAL_Driver/Src/stm32f4xx_hal_i2c_ex.o
                0x08002a04                HAL_I2CEx_ConfigAnalogFilter
 .text.HAL_I2CEx_ConfigDigitalFilter
                0x08002a7c       0x7e ./Drivers/STM32F4xx_HAL_Driver/Src/stm32f4xx_hal_i2c_ex.o
                0x08002a7c                HAL_I2CEx_ConfigDigitalFilter
 *fill*         0x08002afa        0x2 
 .text.HAL_RCC_OscConfig
                0x08002afc      0x4f0 ./Drivers/STM32F4xx_HAL_Driver/Src/stm32f4xx_hal_rcc.o
                0x08002afc                HAL_RCC_OscConfig
 .text.HAL_RCC_ClockConfig
                0x08002fec      0x1cc ./Drivers/STM32F4xx_HAL_Driver/Src/stm32f4xx_hal_rcc.o
                0x08002fec                HAL_RCC_ClockConfig
 .text.HAL_RCC_GetSysClockFreq
                0x080031b8      0x20c ./Drivers/STM32F4xx_HAL_Driver/Src/stm32f4xx_hal_rcc.o
                0x080031b8                HAL_RCC_GetSysClockFreq
 .text.HAL_RCC_GetHCLKFreq
                0x080033c4       0x18 ./Drivers/STM32F4xx_HAL_Driver/Src/stm32f4xx_hal_rcc.o
                0x080033c4                HAL_RCC_GetHCLKFreq
 .text.HAL_RCC_GetPCLK1Freq
                0x080033dc       0x28 ./Drivers/STM32F4xx_HAL_Driver/Src/stm32f4xx_hal_rcc.o
                0x080033dc                HAL_RCC_GetPCLK1Freq
 .text.HAL_SPI_Init
                0x08003404      0x112 ./Drivers/STM32F4xx_HAL_Driver/Src/stm32f4xx_hal_spi.o
                0x08003404                HAL_SPI_Init
 .text.HAL_SPI_Transmit
                0x08003516      0x288 ./Drivers/STM32F4xx_HAL_Driver/Src/stm32f4xx_hal_spi.o
                0x08003516                HAL_SPI_Transmit
 *fill*         0x0800379e        0x2 
 .text.HAL_SPI_TransmitReceive_DMA
                0x080037a0      0x1f8 ./Drivers/STM32F4xx_HAL_Driver/Src/stm32f4xx_hal_spi.o
                0x080037a0                HAL_SPI_TransmitReceive_DMA
 .text.HAL_SPI_IRQHandler
                0x08003998      0x200 ./Drivers/STM32F4xx_HAL_Driver/Src/stm32f4xx_hal_spi.o
                0x08003998                HAL_SPI_IRQHandler
 .text.HAL_SPI_RxCpltCallback
                0x08003b98       0x14 ./Drivers/STM32F4xx_HAL_Driver/Src/stm32f4xx_hal_spi.o
                0x08003b98                HAL_SPI_RxCpltCallback
 .text.HAL_SPI_RxHalfCpltCallback
                0x08003bac       0x14 ./Drivers/STM32F4xx_HAL_Driver/Src/stm32f4xx_hal_spi.o
                0x08003bac                HAL_SPI_RxHalfCpltCallback
 .text.HAL_SPI_TxRxHalfCpltCallback
                0x08003bc0       0x14 ./Drivers/STM32F4xx_HAL_Driver/Src/stm32f4xx_hal_spi.o
                0x08003bc0                HAL_SPI_TxRxHalfCpltCallback
 .text.HAL_SPI_ErrorCallback
                0x08003bd4       0x14 ./Drivers/STM32F4xx_HAL_Driver/Src/stm32f4xx_hal_spi.o
                0x08003bd4                HAL_SPI_ErrorCallback
 .text.SPI_DMAReceiveCplt
                0x08003be8       0xa8 ./Drivers/STM32F4xx_HAL_Driver/Src/stm32f4xx_hal_spi.o
 .text.SPI_DMATransmitReceiveCplt
                0x08003c90       0x90 ./Drivers/STM32F4xx_HAL_Driver/Src/stm32f4xx_hal_spi.o
 .text.SPI_DMAHalfReceiveCplt
                0x08003d20       0x1c ./Drivers/STM32F4xx_HAL_Driver/Src/stm32f4xx_hal_spi.o
 .text.SPI_DMAHalfTransmitReceiveCplt
                0x08003d3c       0x1c ./Drivers/STM32F4xx_HAL_Driver/Src/stm32f4xx_hal_spi.o
 .text.SPI_DMAError
                0x08003d58       0x40 ./Drivers/STM32F4xx_HAL_Driver/Src/stm32f4xx_hal_spi.o
 .text.SPI_DMAAbortOnError
                0x08003d98       0x28 ./Drivers/STM32F4xx_HAL_Driver/Src/stm32f4xx_hal_spi.o
 .text.SPI_WaitFlagStateUntilTimeout
                0x08003dc0      0x110 ./Drivers/STM32F4xx_HAL_Driver/Src/stm32f4xx_hal_spi.o
 .text.SPI_EndRxTransaction
                0x08003ed0       0xca ./Drivers/STM32F4xx_HAL_Driver/Src/stm32f4xx_hal_spi.o
 *fill*         0x08003f9a        0x2 
 .text.SPI_EndRxTxTransaction
                0x08003f9c       0xa8 ./Drivers/STM32F4xx_HAL_Driver/Src/stm32f4xx_hal_spi.o
 .text.HAL_TIM_Base_Init
                0x08004044       0x9e ./Drivers/STM32F4xx_HAL_Driver/Src/stm32f4xx_hal_tim.o
                0x08004044                HAL_TIM_Base_Init
 *fill*         0x080040e2        0x2 
 .text.HAL_TIM_Base_Start_IT
                0x080040e4       0xe0 ./Drivers/STM32F4xx_HAL_Driver/Src/stm32f4xx_hal_tim.o
                0x080040e4                HAL_TIM_Base_Start_IT
 .text.HAL_TIM_IRQHandler
                0x080041c4      0x1e0 ./Drivers/STM32F4xx_HAL_Driver/Src/stm32f4xx_hal_tim.o
                0x080041c4                HAL_TIM_IRQHandler
 .text.HAL_TIM_ConfigClockSource
                0x080043a4      0x18e ./Drivers/STM32F4xx_HAL_Driver/Src/stm32f4xx_hal_tim.o
                0x080043a4                HAL_TIM_ConfigClockSource
 .text.HAL_TIM_OC_DelayElapsedCallback
                0x08004532       0x14 ./Drivers/STM32F4xx_HAL_Driver/Src/stm32f4xx_hal_tim.o
                0x08004532                HAL_TIM_OC_DelayElapsedCallback
 .text.HAL_TIM_IC_CaptureCallback
                0x08004546       0x14 ./Drivers/STM32F4xx_HAL_Driver/Src/stm32f4xx_hal_tim.o
                0x08004546                HAL_TIM_IC_CaptureCallback
 .text.HAL_TIM_PWM_PulseFinishedCallback
                0x0800455a       0x14 ./Drivers/STM32F4xx_HAL_Driver/Src/stm32f4xx_hal_tim.o
                0x0800455a                HAL_TIM_PWM_PulseFinishedCallback
 .text.HAL_TIM_TriggerCallback
                0x0800456e       0x14 ./Drivers/STM32F4xx_HAL_Driver/Src/stm32f4xx_hal_tim.o
                0x0800456e                HAL_TIM_TriggerCallback
 *fill*         0x08004582        0x2 
 .text.TIM_Base_SetConfig
                0x08004584      0x14c ./Drivers/STM32F4xx_HAL_Driver/Src/stm32f4xx_hal_tim.o
                0x08004584                TIM_Base_SetConfig
 .text.TIM_TI1_ConfigInputStage
                0x080046d0       0x5e ./Drivers/STM32F4xx_HAL_Driver/Src/stm32f4xx_hal_tim.o
 .text.TIM_TI2_ConfigInputStage
                0x0800472e       0x60 ./Drivers/STM32F4xx_HAL_Driver/Src/stm32f4xx_hal_tim.o
 .text.TIM_ITRx_SetConfig
                0x0800478e       0x36 ./Drivers/STM32F4xx_HAL_Driver/Src/stm32f4xx_hal_tim.o
 .text.TIM_ETR_SetConfig
                0x080047c4       0x40 ./Drivers/STM32F4xx_HAL_Driver/Src/stm32f4xx_hal_tim.o
                0x080047c4                TIM_ETR_SetConfig
 .text.HAL_TIMEx_MasterConfigSynchronization
                0x08004804       0xf8 ./Drivers/STM32F4xx_HAL_Driver/Src/stm32f4xx_hal_tim_ex.o
                0x08004804                HAL_TIMEx_MasterConfigSynchronization
 .text.HAL_TIMEx_CommutCallback
                0x080048fc       0x14 ./Drivers/STM32F4xx_HAL_Driver/Src/stm32f4xx_hal_tim_ex.o
                0x080048fc                HAL_TIMEx_CommutCallback
 .text.HAL_TIMEx_BreakCallback
                0x08004910       0x14 ./Drivers/STM32F4xx_HAL_Driver/Src/stm32f4xx_hal_tim_ex.o
                0x08004910                HAL_TIMEx_BreakCallback
 .text.ADXL345_Reg_Read_I2C
                0x08004924       0x38 ./Src/adxl345_i2c.o
                0x08004924                ADXL345_Reg_Read_I2C
 .text.ADXL345_Init_I2C
                0x0800495c       0x94 ./Src/adxl345_i2c.o
                0x0800495c                ADXL345_Init_I2C
 .text.ADXL345_Reg_Write_I2C
                0x080049f0       0x3c ./Src/adxl345_i2c.o
                0x080049f0                ADXL345_Reg_Write_I2C
 .text.ADXL345_Reg_ReadMulti_I2C
                0x08004a2c       0x3c ./Src/adxl345_i2c.o
                0x08004a2c                ADXL345_Reg_ReadMulti_I2C
 .text.ADXL345_ReadAxes_I2C
                0x08004a68       0x68 ./Src/adxl345_i2c.o
                0x08004a68                ADXL345_ReadAxes_I2C
 .text.L3GD20_Reg_Write
                0x08004ad0       0x5c ./Src/l3gd20.o
                0x08004ad0                L3GD20_Reg_Write
 .text.L3GD20_Init
                0x08004b2c       0xc0 ./Src/l3gd20.o
                0x08004b2c                L3GD20_Init
 .text.L3GD20_ReadAxes_DMA
                0x08004bec       0x30 ./Src/l3gd20.o
                0x08004bec                L3GD20_ReadAxes_DMA
 *fill*         0x08004c1c        0x4 
 .text.L3GD20_ReadValuesFromRx
                0x08004c20      0x11c ./Src/l3gd20.o
                0x08004c20                L3GD20_ReadValuesFromRx
 .text.main     0x08004d3c       0xc4 ./Src/main.o
                0x08004d3c                main
 .text.SystemClock_Config
                0x08004e00       0xd8 ./Src/main.o
                0x08004e00                SystemClock_Config
 .text.MX_I2C3_Init
                0x08004ed8       0x80 ./Src/main.o
 .text.MX_SPI5_Init
                0x08004f58       0x6c ./Src/main.o
 .text.MX_TIM2_Init
                0x08004fc4       0x9c ./Src/main.o
 .text.MX_DMA_Init
                0x08005060       0x50 ./Src/main.o
 .text.MX_GPIO_Init
                0x080050b0      0x47c ./Src/main.o
 .text.HAL_TIM_PeriodElapsedCallback
                0x0800552c       0x28 ./Src/main.o
                0x0800552c                HAL_TIM_PeriodElapsedCallback
 .text.HAL_SPI_TxRxCpltCallback
                0x08005554       0x34 ./Src/main.o
                0x08005554                HAL_SPI_TxRxCpltCallback
 .text.calculate_angle
                0x08005588      0x344 ./Src/main.o
 .text.Error_Handler
                0x080058cc        0xc ./Src/main.o
                0x080058cc                Error_Handler
 .text.HAL_MspInit
                0x080058d8       0x50 ./Src/stm32f4xx_hal_msp.o
                0x080058d8                HAL_MspInit
 .text.HAL_I2C_MspInit
                0x08005928       0xd4 ./Src/stm32f4xx_hal_msp.o
                0x08005928                HAL_I2C_MspInit
 .text.HAL_SPI_MspInit
                0x080059fc      0x16c ./Src/stm32f4xx_hal_msp.o
                0x080059fc                HAL_SPI_MspInit
 .text.HAL_TIM_Base_MspInit
                0x08005b68       0x4c ./Src/stm32f4xx_hal_msp.o
                0x08005b68                HAL_TIM_Base_MspInit
 .text.NMI_Handler
                0x08005bb4        0x8 ./Src/stm32f4xx_it.o
                0x08005bb4                NMI_Handler
 .text.HardFault_Handler
                0x08005bbc        0x8 ./Src/stm32f4xx_it.o
                0x08005bbc                HardFault_Handler
 .text.MemManage_Handler
                0x08005bc4        0x8 ./Src/stm32f4xx_it.o
                0x08005bc4                MemManage_Handler
 .text.BusFault_Handler
                0x08005bcc        0x8 ./Src/stm32f4xx_it.o
                0x08005bcc                BusFault_Handler
 .text.UsageFault_Handler
                0x08005bd4        0x8 ./Src/stm32f4xx_it.o
                0x08005bd4                UsageFault_Handler
 .text.SVC_Handler
                0x08005bdc        0xe ./Src/stm32f4xx_it.o
                0x08005bdc                SVC_Handler
 .text.DebugMon_Handler
                0x08005bea        0xe ./Src/stm32f4xx_it.o
                0x08005bea                DebugMon_Handler
 .text.PendSV_Handler
                0x08005bf8        0xe ./Src/stm32f4xx_it.o
                0x08005bf8                PendSV_Handler
 .text.SysTick_Handler
                0x08005c06        0xc ./Src/stm32f4xx_it.o
                0x08005c06                SysTick_Handler
 *fill*         0x08005c12        0x2 
 .text.TIM2_IRQHandler
                0x08005c14       0x14 ./Src/stm32f4xx_it.o
                0x08005c14                TIM2_IRQHandler
 .text.DMA2_Stream3_IRQHandler
                0x08005c28       0x14 ./Src/stm32f4xx_it.o
                0x08005c28                DMA2_Stream3_IRQHandler
 .text.DMA2_Stream4_IRQHandler
                0x08005c3c       0x14 ./Src/stm32f4xx_it.o
                0x08005c3c                DMA2_Stream4_IRQHandler
 .text.SPI5_IRQHandler
                0x08005c50       0x14 ./Src/stm32f4xx_it.o
                0x08005c50                SPI5_IRQHandler
 .text.SystemInit
                0x08005c64       0x24 ./Src/system_stm32f4xx.o
                0x08005c64                SystemInit
 .text.Reset_Handler
                0x08005c88       0x50 ./Startup/startup_stm32f429zitx.o
                0x08005c88                Reset_Handler
 .text.Default_Handler
                0x08005cd8        0x2 ./Startup/startup_stm32f429zitx.o
                0x08005cd8                RTC_Alarm_IRQHandler
                0x08005cd8                HASH_RNG_IRQHandler
                0x08005cd8                EXTI2_IRQHandler
                0x08005cd8                TIM8_CC_IRQHandler
                0x08005cd8                UART8_IRQHandler
                0x08005cd8                SPI4_IRQHandler
                0x08005cd8                TIM1_CC_IRQHandler
                0x08005cd8                DMA2_Stream5_IRQHandler
                0x08005cd8                DMA1_Stream5_IRQHandler
                0x08005cd8                PVD_IRQHandler
                0x08005cd8                SDIO_IRQHandler
                0x08005cd8                TAMP_STAMP_IRQHandler
                0x08005cd8                CAN2_RX1_IRQHandler
                0x08005cd8                EXTI3_IRQHandler
                0x08005cd8                TIM8_TRG_COM_TIM14_IRQHandler
                0x08005cd8                TIM1_UP_TIM10_IRQHandler
                0x08005cd8                TIM8_UP_TIM13_IRQHandler
                0x08005cd8                I2C3_ER_IRQHandler
                0x08005cd8                EXTI0_IRQHandler
                0x08005cd8                I2C2_EV_IRQHandler
                0x08005cd8                DMA1_Stream2_IRQHandler
                0x08005cd8                CAN1_RX0_IRQHandler
                0x08005cd8                FPU_IRQHandler
                0x08005cd8                OTG_HS_WKUP_IRQHandler
                0x08005cd8                LTDC_ER_IRQHandler
                0x08005cd8                CAN2_SCE_IRQHandler
                0x08005cd8                DMA2_Stream2_IRQHandler
                0x08005cd8                SPI1_IRQHandler
                0x08005cd8                TIM6_DAC_IRQHandler
                0x08005cd8                TIM1_BRK_TIM9_IRQHandler
                0x08005cd8                DCMI_IRQHandler
                0x08005cd8                CAN2_RX0_IRQHandler
                0x08005cd8                USART6_IRQHandler
                0x08005cd8                USART3_IRQHandler
                0x08005cd8                CAN1_RX1_IRQHandler
                0x08005cd8                UART5_IRQHandler
                0x08005cd8                DMA2_Stream0_IRQHandler
                0x08005cd8                TIM4_IRQHandler
                0x08005cd8                I2C1_EV_IRQHandler
                0x08005cd8                DMA1_Stream6_IRQHandler
                0x08005cd8                DMA1_Stream1_IRQHandler
                0x08005cd8                UART4_IRQHandler
                0x08005cd8                TIM3_IRQHandler
                0x08005cd8                RCC_IRQHandler
                0x08005cd8                TIM8_BRK_TIM12_IRQHandler
                0x08005cd8                Default_Handler
                0x08005cd8                EXTI15_10_IRQHandler
                0x08005cd8                ADC_IRQHandler
                0x08005cd8                DMA1_Stream7_IRQHandler
                0x08005cd8                TIM7_IRQHandler
                0x08005cd8                CAN2_TX_IRQHandler
                0x08005cd8                TIM5_IRQHandler
                0x08005cd8                DMA2_Stream7_IRQHandler
                0x08005cd8                I2C3_EV_IRQHandler
                0x08005cd8                EXTI9_5_IRQHandler
                0x08005cd8                RTC_WKUP_IRQHandler
                0x08005cd8                LTDC_IRQHandler
                0x08005cd8                ETH_WKUP_IRQHandler
                0x08005cd8                SPI2_IRQHandler
                0x08005cd8                OTG_HS_EP1_IN_IRQHandler
                0x08005cd8                DMA1_Stream0_IRQHandler
                0x08005cd8                CAN1_TX_IRQHandler
                0x08005cd8                EXTI4_IRQHandler
                0x08005cd8                ETH_IRQHandler
                0x08005cd8                OTG_HS_EP1_OUT_IRQHandler
                0x08005cd8                WWDG_IRQHandler
                0x08005cd8                SPI6_IRQHandler
                0x08005cd8                OTG_FS_WKUP_IRQHandler
                0x08005cd8                TIM1_TRG_COM_TIM11_IRQHandler
                0x08005cd8                OTG_HS_IRQHandler
                0x08005cd8                DMA2D_IRQHandler
                0x08005cd8                EXTI1_IRQHandler
                0x08005cd8                UART7_IRQHandler
                0x08005cd8                USART2_IRQHandler
                0x08005cd8                I2C2_ER_IRQHandler
                0x08005cd8                DMA2_Stream1_IRQHandler
                0x08005cd8                CAN1_SCE_IRQHandler
                0x08005cd8                FLASH_IRQHandler
                0x08005cd8                USART1_IRQHandler
                0x08005cd8                OTG_FS_IRQHandler
                0x08005cd8                SPI3_IRQHandler
                0x08005cd8                DMA1_Stream4_IRQHandler
                0x08005cd8                I2C1_ER_IRQHandler
                0x08005cd8                FMC_IRQHandler
                0x08005cd8                DMA2_Stream6_IRQHandler
                0x08005cd8                SAI1_IRQHandler
                0x08005cd8                DMA1_Stream3_IRQHandler
 .text.memset   0x08005cda       0x10 D:/ST/STM32CubeIDE_2.1.0/STM32CubeIDE/plugins/com.st.stm32cube.ide.mcu.externaltools.gnu-tools-for-stm32.14.3.rel1.win32_1.0.100.202602081740/tools/bin/../lib/gcc/arm-none-eabi/14.3.1/../../../../arm-none-eabi/lib/thumb/v7e-m+fp/hard\libc_nano.a(libc_a-memset.o)
                0x08005cda                memset
 *fill*         0x08005cea        0x2 
 .text.__libc_init_array
                0x08005cec       0x48 D:/ST/STM32CubeIDE_2.1.0/STM32CubeIDE/plugins/com.st.stm32cube.ide.mcu.externaltools.gnu-tools-for-stm32.14.3.rel1.win32_1.0.100.202602081740/tools/bin/../lib/gcc/arm-none-eabi/14.3.1/../../../../arm-none-eabi/lib/thumb/v7e-m+fp/hard\libc_nano.a(libc_a-init.o)
                0x08005cec                __libc_init_array
 *(.glue_7)
 .glue_7        0x08005d34        0x0 linker stubs
 *(.glue_7t)
 .glue_7t       0x08005d34        0x0 linker stubs
 *(.eh_frame)
 .eh_frame      0x08005d34        0x0 D:/ST/STM32CubeIDE_2.1.0/STM32CubeIDE/plugins/com.st.stm32cube.ide.mcu.externaltools.gnu-tools-for-stm32.14.3.rel1.win32_1.0.100.202602081740/tools/bin/../lib/gcc/arm-none-eabi/14.3.1/thumb/v7e-m+fp/hard/crtbegin.o
 *(.init)
 .init          0x08005d34        0x4 D:/ST/STM32CubeIDE_2.1.0/STM32CubeIDE/plugins/com.st.stm32cube.ide.mcu.externaltools.gnu-tools-for-stm32.14.3.rel1.win32_1.0.100.202602081740/tools/bin/../lib/gcc/arm-none-eabi/14.3.1/thumb/v7e-m+fp/hard/crti.o
                0x08005d34                _init
 .init          0x08005d38        0x8 D:/ST/STM32CubeIDE_2.1.0/STM32CubeIDE/plugins/com.st.stm32cube.ide.mcu.externaltools.gnu-tools-for-stm32.14.3.rel1.win32_1.0.100.202602081740/tools/bin/../lib/gcc/arm-none-eabi/14.3.1/thumb/v7e-m+fp/hard/crtn.o
 *(.fini)
 .fini          0x08005d40        0x4 D:/ST/STM32CubeIDE_2.1.0/STM32CubeIDE/plugins/com.st.stm32cube.ide.mcu.externaltools.gnu-tools-for-stm32.14.3.rel1.win32_1.0.100.202602081740/tools/bin/../lib/gcc/arm-none-eabi/14.3.1/thumb/v7e-m+fp/hard/crti.o
                0x08005d40                _fini
 .fini          0x08005d44        0x8 D:/ST/STM32CubeIDE_2.1.0/STM32CubeIDE/plugins/com.st.stm32cube.ide.mcu.externaltools.gnu-tools-for-stm32.14.3.rel1.win32_1.0.100.202602081740/tools/bin/../lib/gcc/arm-none-eabi/14.3.1/thumb/v7e-m+fp/hard/crtn.o
                0x08005d4c                        . = ALIGN (0x4)
                0x08005d4c                        _etext = .

.vfp11_veneer   0x08005d4c        0x0
 .vfp11_veneer  0x08005d4c        0x0 linker stubs

.v4_bx          0x08005d4c        0x0
 .v4_bx         0x08005d4c        0x0 linker stubs

.iplt           0x08005d4c        0x0
 .iplt          0x08005d4c        0x0 D:/ST/STM32CubeIDE_2.1.0/STM32CubeIDE/plugins/com.st.stm32cube.ide.mcu.externaltools.gnu-tools-for-stm32.14.3.rel1.win32_1.0.100.202602081740/tools/bin/../lib/gcc/arm-none-eabi/14.3.1/thumb/v7e-m+fp/hard/crtbegin.o

.rodata         0x08005d4c       0x20
                0x08005d4c                        . = ALIGN (0x4)
 *(.rodata)
 *(.rodata*)
 .rodata.flagBitshiftOffset.0
                0x08005d4c        0x8 ./Drivers/STM32F4xx_HAL_Driver/Src/stm32f4xx_hal_dma.o
 .rodata.AHBPrescTable
                0x08005d54       0x10 ./Src/system_stm32f4xx.o
                0x08005d54                AHBPrescTable
 .rodata.APBPrescTable
                0x08005d64        0x8 ./Src/system_stm32f4xx.o
                0x08005d64                APBPrescTable
                0x08005d6c                        . = ALIGN (0x4)

.ARM.extab      0x08005d6c        0x0
                0x08005d6c                        . = ALIGN (0x4)
 *(.ARM.extab* .gnu.linkonce.armextab.*)
                0x08005d6c                        . = ALIGN (0x4)

.ARM            0x08005d6c        0x8
                0x08005d6c                        . = ALIGN (0x4)
                0x08005d6c                        __exidx_start = .
 *(.ARM.exidx*)
 .ARM.exidx     0x08005d6c        0x8 D:/ST/STM32CubeIDE_2.1.0/STM32CubeIDE/plugins/com.st.stm32cube.ide.mcu.externaltools.gnu-tools-for-stm32.14.3.rel1.win32_1.0.100.202602081740/tools/bin/../lib/gcc/arm-none-eabi/14.3.1/thumb/v7e-m+fp/hard\libgcc.a(_udivmoddi4.o)
                0x08005d74                        __exidx_end = .
                0x08005d74                        . = ALIGN (0x4)

.preinit_array  0x08005d74        0x0
                0x08005d74                        . = ALIGN (0x4)
                0x08005d74                        PROVIDE (__preinit_array_start = .)
 *(.preinit_array*)
                0x08005d74                        PROVIDE (__preinit_array_end = .)
                0x08005d74                        . = ALIGN (0x4)

.init_array     0x08005d74        0x4
                0x08005d74                        . = ALIGN (0x4)
                0x08005d74                        PROVIDE (__init_array_start = .)
 *(SORT_BY_NAME(.init_array.*))
 *(.init_array*)
 .init_array    0x08005d74        0x4 D:/ST/STM32CubeIDE_2.1.0/STM32CubeIDE/plugins/com.st.stm32cube.ide.mcu.externaltools.gnu-tools-for-stm32.14.3.rel1.win32_1.0.100.202602081740/tools/bin/../lib/gcc/arm-none-eabi/14.3.1/thumb/v7e-m+fp/hard/crtbegin.o
                0x08005d78                        PROVIDE (__init_array_end = .)
                0x08005d78                        . = ALIGN (0x4)

.fini_array     0x08005d78        0x4
                0x08005d78                        . = ALIGN (0x4)
                [!provide]                        PROVIDE (__fini_array_start = .)
 *(SORT_BY_NAME(.fini_array.*))
 *(.fini_array*)
 .fini_array    0x08005d78        0x4 D:/ST/STM32CubeIDE_2.1.0/STM32CubeIDE/plugins/com.st.stm32cube.ide.mcu.externaltools.gnu-tools-for-stm32.14.3.rel1.win32_1.0.100.202602081740/tools/bin/../lib/gcc/arm-none-eabi/14.3.1/thumb/v7e-m+fp/hard/crtbegin.o
                [!provide]                        PROVIDE (__fini_array_end = .)
                0x08005d7c                        . = ALIGN (0x4)
                0x08005d7c                        _sidata = LOADADDR (.data)

.rel.dyn        0x08005d7c        0x0
 .rel.iplt      0x08005d7c        0x0 D:/ST/STM32CubeIDE_2.1.0/STM32CubeIDE/plugins/com.st.stm32cube.ide.mcu.externaltools.gnu-tools-for-stm32.14.3.rel1.win32_1.0.100.202602081740/tools/bin/../lib/gcc/arm-none-eabi/14.3.1/thumb/v7e-m+fp/hard/crtbegin.o

.data           0x20000000        0xc load address 0x08005d7c
                0x20000000                        . = ALIGN (0x4)
                0x20000000                        _sdata = .
 *(.data)
 *(.data*)
 .data.uwTickPrio
                0x20000000        0x4 ./Drivers/STM32F4xx_HAL_Driver/Src/stm32f4xx_hal.o
                0x20000000                uwTickPrio
 .data.uwTickFreq
                0x20000004        0x1 ./Drivers/STM32F4xx_HAL_Driver/Src/stm32f4xx_hal.o
                0x20000004                uwTickFreq
 .data.pRx      0x20000005        0x1 ./Src/main.o
                0x20000005                pRx
 *fill*         0x20000006        0x2 
 .data.SystemCoreClock
                0x20000008        0x4 ./Src/system_stm32f4xx.o
                0x20000008                SystemCoreClock
 *(.RamFunc)
 *(.RamFunc*)
                0x2000000c                        . = ALIGN (0x4)
                0x2000000c                        _edata = .
                0x08005d88                        _siccmram = LOADADDR (.ccmram)

.igot.plt       0x2000000c        0x0 load address 0x08005d88
 .igot.plt      0x2000000c        0x0 D:/ST/STM32CubeIDE_2.1.0/STM32CubeIDE/plugins/com.st.stm32cube.ide.mcu.externaltools.gnu-tools-for-stm32.14.3.rel1.win32_1.0.100.202602081740/tools/bin/../lib/gcc/arm-none-eabi/14.3.1/thumb/v7e-m+fp/hard/crtbegin.o

.ccmram         0x10000000        0x0 load address 0x08005d88
                0x10000000                        . = ALIGN (0x4)
                0x10000000                        _sccmram = .
 *(.ccmram)
 *(.ccmram*)
                0x10000000                        . = ALIGN (0x4)
                0x10000000                        _eccmram = .
                0x10000000                        . = ALIGN (0x4)

.bss            0x2000000c      0x244
                0x2000000c                        _sbss = .
                0x2000000c                        __bss_start__ = _sbss
 *(.bss)
 .bss           0x2000000c       0x1c D:/ST/STM32CubeIDE_2.1.0/STM32CubeIDE/plugins/com.st.stm32cube.ide.mcu.externaltools.gnu-tools-for-stm32.14.3.rel1.win32_1.0.100.202602081740/tools/bin/../lib/gcc/arm-none-eabi/14.3.1/thumb/v7e-m+fp/hard/crtbegin.o
 *(.bss*)
 .bss.uwTick    0x20000028        0x4 ./Drivers/STM32F4xx_HAL_Driver/Src/stm32f4xx_hal.o
                0x20000028                uwTick
 .bss.hi2c3     0x2000002c        0x4 ./Src/adxl345_i2c.o
 .bss.x         0x20000030        0x4 ./Src/adxl345_i2c.o
                0x20000030                x
 .bss.y         0x20000034        0x4 ./Src/adxl345_i2c.o
                0x20000034                y
 .bss.z         0x20000038        0x4 ./Src/adxl345_i2c.o
                0x20000038                z
 .bss.hspi5ptr  0x2000003c        0x4 ./Src/l3gd20.o
 .bss.x_axisptr
                0x20000040        0x4 ./Src/l3gd20.o
                0x20000040                x_axisptr
 .bss.y_axisptr
                0x20000044        0x4 ./Src/l3gd20.o
                0x20000044                y_axisptr
 .bss.z_axisptr
                0x20000048        0x4 ./Src/l3gd20.o
                0x20000048                z_axisptr
 .bss.xdps_ptr  0x2000004c        0x4 ./Src/l3gd20.o
                0x2000004c                xdps_ptr
 .bss.ydps_ptr  0x20000050        0x4 ./Src/l3gd20.o
                0x20000050                ydps_ptr
 .bss.zdps_ptr  0x20000054        0x4 ./Src/l3gd20.o
                0x20000054                zdps_ptr
 .bss.spi_tx_buf
                0x20000058        0x7 ./Src/l3gd20.o
 *fill*         0x2000005f        0x1 
 .bss.spi_rx_buf
                0x20000060        0x7 ./Src/l3gd20.o
 *fill*         0x20000067        0x1 
 .bss.hi2c3     0x20000068       0x54 ./Src/main.o
                0x20000068                hi2c3
 .bss.hspi5     0x200000bc       0x58 ./Src/main.o
                0x200000bc                hspi5
 .bss.hdma_spi5_rx
                0x20000114       0x60 ./Src/main.o
                0x20000114                hdma_spi5_rx
 .bss.hdma_spi5_tx
                0x20000174       0x60 ./Src/main.o
                0x20000174                hdma_spi5_tx
 .bss.htim2     0x200001d4       0x48 ./Src/main.o
                0x200001d4                htim2
 .bss.x_axis_l3gd20
                0x2000021c        0x2 ./Src/main.o
                0x2000021c                x_axis_l3gd20
 .bss.y_axis_l3gd20
                0x2000021e        0x2 ./Src/main.o
                0x2000021e                y_axis_l3gd20
 .bss.z_axis_l3gd20
                0x20000220        0x2 ./Src/main.o
                0x20000220                z_axis_l3gd20
 .bss.x_axis_adxl345
                0x20000222        0x2 ./Src/main.o
                0x20000222                x_axis_adxl345
 .bss.y_axis_adxl345
                0x20000224        0x2 ./Src/main.o
                0x20000224                y_axis_adxl345
 .bss.z_axis_adxl345
                0x20000226        0x2 ./Src/main.o
                0x20000226                z_axis_adxl345
 .bss.xdps      0x20000228        0x4 ./Src/main.o
                0x20000228                xdps
 .bss.ydps      0x2000022c        0x4 ./Src/main.o
                0x2000022c                ydps
 .bss.zdps      0x20000230        0x4 ./Src/main.o
                0x20000230                zdps
 .bss.x_ang     0x20000234        0x4 ./Src/main.o
                0x20000234                x_ang
 .bss.y_ang     0x20000238        0x4 ./Src/main.o
                0x20000238                y_ang
 .bss.z_ang     0x2000023c        0x4 ./Src/main.o
                0x2000023c                z_ang
 .bss.l3gd20_calibrated
                0x20000240        0x1 ./Src/main.o
                0x20000240                l3gd20_calibrated
 .bss.calibration_counter
                0x20000241        0x1 ./Src/main.o
                0x20000241                calibration_counter
 *fill*         0x20000242        0x2 
 .bss.x_bias    0x20000244        0x4 ./Src/main.o
                0x20000244                x_bias
 .bss.y_bias    0x20000248        0x4 ./Src/main.o
                0x20000248                y_bias
 .bss.z_bias    0x2000024c        0x4 ./Src/main.o
                0x2000024c                z_bias
 *(COMMON)
                0x20000250                        . = ALIGN (0x4)
                0x20000250                        _ebss = .
                0x20000250                        __bss_end__ = _ebss

._user_heap_stack
                0x20000250      0x600
                0x20000250                        . = ALIGN (0x8)
                [!provide]                        PROVIDE (end = .)
                0x20000250                        PROVIDE (_end = .)
                0x20000450                        . = (. + _Min_Heap_Size)
 *fill*         0x20000250      0x200 
                0x20000850                        . = (. + _Min_Stack_Size)
 *fill*         0x20000450      0x400 
                0x20000850                        . = ALIGN (0x8)

/DISCARD/
 libc.a(*)
 libm.a(*)
 libgcc.a(*)

.ARM.attributes
                0x00000000       0x30
 *(.ARM.attributes)
 .ARM.attributes
                0x00000000       0x22 D:/ST/STM32CubeIDE_2.1.0/STM32CubeIDE/plugins/com.st.stm32cube.ide.mcu.externaltools.gnu-tools-for-stm32.14.3.rel1.win32_1.0.100.202602081740/tools/bin/../lib/gcc/arm-none-eabi/14.3.1/thumb/v7e-m+fp/hard/crti.o
 .ARM.attributes
                0x00000022       0x34 D:/ST/STM32CubeIDE_2.1.0/STM32CubeIDE/plugins/com.st.stm32cube.ide.mcu.externaltools.gnu-tools-for-stm32.14.3.rel1.win32_1.0.100.202602081740/tools/bin/../lib/gcc/arm-none-eabi/14.3.1/thumb/v7e-m+fp/hard/crtbegin.o
 .ARM.attributes
                0x00000056       0x34 ./Drivers/STM32F4xx_HAL_Driver/Src/stm32f4xx_hal.o
 .ARM.attributes
                0x0000008a       0x34 ./Drivers/STM32F4xx_HAL_Driver/Src/stm32f4xx_hal_cortex.o
 .ARM.attributes
                0x000000be       0x34 ./Drivers/STM32F4xx_HAL_Driver/Src/stm32f4xx_hal_dma.o
 .ARM.attributes
                0x000000f2       0x34 ./Drivers/STM32F4xx_HAL_Driver/Src/stm32f4xx_hal_gpio.o
 .ARM.attributes
                0x00000126       0x34 ./Drivers/STM32F4xx_HAL_Driver/Src/stm32f4xx_hal_i2c.o
 .ARM.attributes
                0x0000015a       0x34 ./Drivers/STM32F4xx_HAL_Driver/Src/stm32f4xx_hal_i2c_ex.o
 .ARM.attributes
                0x0000018e       0x34 ./Drivers/STM32F4xx_HAL_Driver/Src/stm32f4xx_hal_rcc.o
 .ARM.attributes
                0x000001c2       0x34 ./Drivers/STM32F4xx_HAL_Driver/Src/stm32f4xx_hal_spi.o
 .ARM.attributes
                0x000001f6       0x34 ./Drivers/STM32F4xx_HAL_Driver/Src/stm32f4xx_hal_tim.o
 .ARM.attributes
                0x0000022a       0x34 ./Drivers/STM32F4xx_HAL_Driver/Src/stm32f4xx_hal_tim_ex.o
 .ARM.attributes
                0x0000025e       0x34 ./Src/adxl345_i2c.o
 .ARM.attributes
                0x00000292       0x34 ./Src/l3gd20.o
 .ARM.attributes
                0x000002c6       0x34 ./Src/main.o
 .ARM.attributes
                0x000002fa       0x34 ./Src/stm32f4xx_hal_msp.o
 .ARM.attributes
                0x0000032e       0x34 ./Src/stm32f4xx_it.o
 .ARM.attributes
                0x00000362       0x34 ./Src/system_stm32f4xx.o
 .ARM.attributes
                0x00000396       0x21 ./Startup/startup_stm32f429zitx.o
 .ARM.attributes
                0x000003b7       0x34 D:/ST/STM32CubeIDE_2.1.0/STM32CubeIDE/plugins/com.st.stm32cube.ide.mcu.externaltools.gnu-tools-for-stm32.14.3.rel1.win32_1.0.100.202602081740/tools/bin/../lib/gcc/arm-none-eabi/14.3.1/../../../../arm-none-eabi/lib/thumb/v7e-m+fp/hard\libc_nano.a(libc_a-memset.o)
 .ARM.attributes
                0x000003eb       0x34 D:/ST/STM32CubeIDE_2.1.0/STM32CubeIDE/plugins/com.st.stm32cube.ide.mcu.externaltools.gnu-tools-for-stm32.14.3.rel1.win32_1.0.100.202602081740/tools/bin/../lib/gcc/arm-none-eabi/14.3.1/../../../../arm-none-eabi/lib/thumb/v7e-m+fp/hard\libc_nano.a(libc_a-init.o)
 .ARM.attributes
                0x0000041f       0x22 D:/ST/STM32CubeIDE_2.1.0/STM32CubeIDE/plugins/com.st.stm32cube.ide.mcu.externaltools.gnu-tools-for-stm32.14.3.rel1.win32_1.0.100.202602081740/tools/bin/../lib/gcc/arm-none-eabi/14.3.1/thumb/v7e-m+fp/hard\libgcc.a(_arm_muldf3.o)
 .ARM.attributes
                0x00000441       0x22 D:/ST/STM32CubeIDE_2.1.0/STM32CubeIDE/plugins/com.st.stm32cube.ide.mcu.externaltools.gnu-tools-for-stm32.14.3.rel1.win32_1.0.100.202602081740/tools/bin/../lib/gcc/arm-none-eabi/14.3.1/thumb/v7e-m+fp/hard\libgcc.a(_arm_addsubdf3.o)
 .ARM.attributes
                0x00000463       0x22 D:/ST/STM32CubeIDE_2.1.0/STM32CubeIDE/plugins/com.st.stm32cube.ide.mcu.externaltools.gnu-tools-for-stm32.14.3.rel1.win32_1.0.100.202602081740/tools/bin/../lib/gcc/arm-none-eabi/14.3.1/thumb/v7e-m+fp/hard\libgcc.a(_arm_truncdfsf2.o)
 .ARM.attributes
                0x00000485       0x22 D:/ST/STM32CubeIDE_2.1.0/STM32CubeIDE/plugins/com.st.stm32cube.ide.mcu.externaltools.gnu-tools-for-stm32.14.3.rel1.win32_1.0.100.202602081740/tools/bin/../lib/gcc/arm-none-eabi/14.3.1/thumb/v7e-m+fp/hard\libgcc.a(_aeabi_uldivmod.o)
 .ARM.attributes
                0x000004a7       0x34 D:/ST/STM32CubeIDE_2.1.0/STM32CubeIDE/plugins/com.st.stm32cube.ide.mcu.externaltools.gnu-tools-for-stm32.14.3.rel1.win32_1.0.100.202602081740/tools/bin/../lib/gcc/arm-none-eabi/14.3.1/thumb/v7e-m+fp/hard\libgcc.a(_udivmoddi4.o)
 .ARM.attributes
                0x000004db       0x22 D:/ST/STM32CubeIDE_2.1.0/STM32CubeIDE/plugins/com.st.stm32cube.ide.mcu.externaltools.gnu-tools-for-stm32.14.3.rel1.win32_1.0.100.202602081740/tools/bin/../lib/gcc/arm-none-eabi/14.3.1/thumb/v7e-m+fp/hard\libgcc.a(_dvmd_tls.o)
 .ARM.attributes
                0x000004fd       0x22 D:/ST/STM32CubeIDE_2.1.0/STM32CubeIDE/plugins/com.st.stm32cube.ide.mcu.externaltools.gnu-tools-for-stm32.14.3.rel1.win32_1.0.100.202602081740/tools/bin/../lib/gcc/arm-none-eabi/14.3.1/thumb/v7e-m+fp/hard/crtn.o
OUTPUT(l3gd20-adxl345-spi.elf elf32-littlearm)
LOAD linker stubs
LOAD D:/ST/STM32CubeIDE_2.1.0/STM32CubeIDE/plugins/com.st.stm32cube.ide.mcu.externaltools.gnu-tools-for-stm32.14.3.rel1.win32_1.0.100.202602081740/tools/bin/../lib/gcc/arm-none-eabi/14.3.1/../../../../arm-none-eabi/lib/thumb/v7e-m+fp/hard\libc.a
LOAD D:/ST/STM32CubeIDE_2.1.0/STM32CubeIDE/plugins/com.st.stm32cube.ide.mcu.externaltools.gnu-tools-for-stm32.14.3.rel1.win32_1.0.100.202602081740/tools/bin/../lib/gcc/arm-none-eabi/14.3.1/../../../../arm-none-eabi/lib/thumb/v7e-m+fp/hard\libm.a
LOAD D:/ST/STM32CubeIDE_2.1.0/STM32CubeIDE/plugins/com.st.stm32cube.ide.mcu.externaltools.gnu-tools-for-stm32.14.3.rel1.win32_1.0.100.202602081740/tools/bin/../lib/gcc/arm-none-eabi/14.3.1/thumb/v7e-m+fp/hard\libgcc.a

.debug_info     0x00000000     0xfc5a
 .debug_info    0x00000000      0x9ba ./Drivers/STM32F4xx_HAL_Driver/Src/stm32f4xx_hal.o
 .debug_info    0x000009ba      0xdc2 ./Drivers/STM32F4xx_HAL_Driver/Src/stm32f4xx_hal_cortex.o
 .debug_info    0x0000177c      0x8e7 ./Drivers/STM32F4xx_HAL_Driver/Src/stm32f4xx_hal_dma.o
 .debug_info    0x00002063      0x6db ./Drivers/STM32F4xx_HAL_Driver/Src/stm32f4xx_hal_gpio.o
 .debug_info    0x0000273e     0x2421 ./Drivers/STM32F4xx_HAL_Driver/Src/stm32f4xx_hal_i2c.o
 .debug_info    0x00004b5f      0x672 ./Drivers/STM32F4xx_HAL_Driver/Src/stm32f4xx_hal_i2c_ex.o
 .debug_info    0x000051d1      0x8db ./Drivers/STM32F4xx_HAL_Driver/Src/stm32f4xx_hal_rcc.o
 .debug_info    0x00005aac     0x1525 ./Drivers/STM32F4xx_HAL_Driver/Src/stm32f4xx_hal_spi.o
 .debug_info    0x00006fd1     0x299d ./Drivers/STM32F4xx_HAL_Driver/Src/stm32f4xx_hal_tim.o
 .debug_info    0x0000996e     0x14db ./Drivers/STM32F4xx_HAL_Driver/Src/stm32f4xx_hal_tim_ex.o
 .debug_info    0x0000ae49      0x82b ./Src/adxl345_i2c.o
 .debug_info    0x0000b674      0x927 ./Src/l3gd20.o
 .debug_info    0x0000bf9b     0x19d0 ./Src/main.o
 .debug_info    0x0000d96b     0x1385 ./Src/stm32f4xx_hal_msp.o
 .debug_info    0x0000ecf0      0xa0c ./Src/stm32f4xx_it.o
 .debug_info    0x0000f6fc      0x52e ./Src/system_stm32f4xx.o
 .debug_info    0x0000fc2a       0x30 ./Startup/startup_stm32f429zitx.o

.debug_abbrev   0x00000000     0x2408
 .debug_abbrev  0x00000000      0x214 ./Drivers/STM32F4xx_HAL_Driver/Src/stm32f4xx_hal.o
 .debug_abbrev  0x00000214      0x31d ./Drivers/STM32F4xx_HAL_Driver/Src/stm32f4xx_hal_cortex.o
 .debug_abbrev  0x00000531      0x264 ./Drivers/STM32F4xx_HAL_Driver/Src/stm32f4xx_hal_dma.o
 .debug_abbrev  0x00000795      0x1d4 ./Drivers/STM32F4xx_HAL_Driver/Src/stm32f4xx_hal_gpio.o
 .debug_abbrev  0x00000969      0x2ad ./Drivers/STM32F4xx_HAL_Driver/Src/stm32f4xx_hal_i2c.o
 .debug_abbrev  0x00000c16      0x157 ./Drivers/STM32F4xx_HAL_Driver/Src/stm32f4xx_hal_i2c_ex.o
 .debug_abbrev  0x00000d6d      0x2b7 ./Drivers/STM32F4xx_HAL_Driver/Src/stm32f4xx_hal_rcc.o
 .debug_abbrev  0x00001024      0x27a ./Drivers/STM32F4xx_HAL_Driver/Src/stm32f4xx_hal_spi.o
 .debug_abbrev  0x0000129e      0x278 ./Drivers/STM32F4xx_HAL_Driver/Src/stm32f4xx_hal_tim.o
 .debug_abbrev  0x00001516      0x283 ./Drivers/STM32F4xx_HAL_Driver/Src/stm32f4xx_hal_tim_ex.o
 .debug_abbrev  0x00001799      0x1fb ./Src/adxl345_i2c.o
 .debug_abbrev  0x00001994      0x203 ./Src/l3gd20.o
 .debug_abbrev  0x00001b97      0x326 ./Src/main.o
 .debug_abbrev  0x00001ebd      0x260 ./Src/stm32f4xx_hal_msp.o
 .debug_abbrev  0x0000211d      0x1ad ./Src/stm32f4xx_it.o
 .debug_abbrev  0x000022ca      0x11a ./Src/system_stm32f4xx.o
 .debug_abbrev  0x000023e4       0x24 ./Startup/startup_stm32f429zitx.o

.debug_aranges  0x00000000      0xf88
 .debug_aranges
                0x00000000      0x100 ./Drivers/STM32F4xx_HAL_Driver/Src/stm32f4xx_hal.o
 .debug_aranges
                0x00000100      0x130 ./Drivers/STM32F4xx_HAL_Driver/Src/stm32f4xx_hal_cortex.o
 .debug_aranges
                0x00000230       0x90 ./Drivers/STM32F4xx_HAL_Driver/Src/stm32f4xx_hal_dma.o
 .debug_aranges
                0x000002c0       0x58 ./Drivers/STM32F4xx_HAL_Driver/Src/stm32f4xx_hal_gpio.o
 .debug_aranges
                0x00000318      0x2a8 ./Drivers/STM32F4xx_HAL_Driver/Src/stm32f4xx_hal_i2c.o
 .debug_aranges
                0x000005c0       0x28 ./Drivers/STM32F4xx_HAL_Driver/Src/stm32f4xx_hal_i2c_ex.o
 .debug_aranges
                0x000005e8       0x88 ./Drivers/STM32F4xx_HAL_Driver/Src/stm32f4xx_hal_rcc.o
 .debug_aranges
                0x00000670      0x1d0 ./Drivers/STM32F4xx_HAL_Driver/Src/stm32f4xx_hal_spi.o
 .debug_aranges
                0x00000840      0x3d0 ./Drivers/STM32F4xx_HAL_Driver/Src/stm32f4xx_hal_tim.o
 .debug_aranges
                0x00000c10      0x168 ./Drivers/STM32F4xx_HAL_Driver/Src/stm32f4xx_hal_tim_ex.o
 .debug_aranges
                0x00000d78       0x48 ./Src/adxl345_i2c.o
 .debug_aranges
                0x00000dc0       0x38 ./Src/l3gd20.o
 .debug_aranges
                0x00000df8       0x70 ./Src/main.o
 .debug_aranges
                0x00000e68       0x50 ./Src/stm32f4xx_hal_msp.o
 .debug_aranges
                0x00000eb8       0x80 ./Src/stm32f4xx_it.o
 .debug_aranges
                0x00000f38       0x28 ./Src/system_stm32f4xx.o
 .debug_aranges
                0x00000f60       0x28 ./Startup/startup_stm32f429zitx.o

.debug_rnglists
                0x00000000      0xc28
 .debug_rnglists
                0x00000000       0xbb ./Drivers/STM32F4xx_HAL_Driver/Src/stm32f4xx_hal.o
 .debug_rnglists
                0x000000bb       0xe0 ./Drivers/STM32F4xx_HAL_Driver/Src/stm32f4xx_hal_cortex.o
 .debug_rnglists
                0x0000019b       0x70 ./Drivers/STM32F4xx_HAL_Driver/Src/stm32f4xx_hal_dma.o
 .debug_rnglists
                0x0000020b       0x3f ./Drivers/STM32F4xx_HAL_Driver/Src/stm32f4xx_hal_gpio.o
 .debug_rnglists
                0x0000024a      0x23c ./Drivers/STM32F4xx_HAL_Driver/Src/stm32f4xx_hal_i2c.o
 .debug_rnglists
                0x00000486       0x19 ./Drivers/STM32F4xx_HAL_Driver/Src/stm32f4xx_hal_i2c_ex.o
 .debug_rnglists
                0x0000049f       0x66 ./Drivers/STM32F4xx_HAL_Driver/Src/stm32f4xx_hal_rcc.o
 .debug_rnglists
                0x00000505      0x16f ./Drivers/STM32F4xx_HAL_Driver/Src/stm32f4xx_hal_spi.o
 .debug_rnglists
                0x00000674      0x31a ./Drivers/STM32F4xx_HAL_Driver/Src/stm32f4xx_hal_tim.o
 .debug_rnglists
                0x0000098e      0x125 ./Drivers/STM32F4xx_HAL_Driver/Src/stm32f4xx_hal_tim_ex.o
 .debug_rnglists
                0x00000ab3       0x32 ./Src/adxl345_i2c.o
 .debug_rnglists
                0x00000ae5       0x27 ./Src/l3gd20.o
 .debug_rnglists
                0x00000b0c       0x55 ./Src/main.o
 .debug_rnglists
                0x00000b61       0x39 ./Src/stm32f4xx_hal_msp.o
 .debug_rnglists
                0x00000b9a       0x5b ./Src/stm32f4xx_it.o
 .debug_rnglists
                0x00000bf5       0x1a ./Src/system_stm32f4xx.o
 .debug_rnglists
                0x00000c0f       0x19 ./Startup/startup_stm32f429zitx.o

.debug_macro    0x00000000    0x2461c
 .debug_macro   0x00000000      0x247 ./Drivers/STM32F4xx_HAL_Driver/Src/stm32f4xx_hal.o
 .debug_macro   0x00000247      0xad8 ./Drivers/STM32F4xx_HAL_Driver/Src/stm32f4xx_hal.o
 .debug_macro   0x00000d1f      0x2a1 ./Drivers/STM32F4xx_HAL_Driver/Src/stm32f4xx_hal.o
 .debug_macro   0x00000fc0       0x2e ./Drivers/STM32F4xx_HAL_Driver/Src/stm32f4xx_hal.o
 .debug_macro   0x00000fee       0x28 ./Drivers/STM32F4xx_HAL_Driver/Src/stm32f4xx_hal.o
 .debug_macro   0x00001016       0x22 ./Drivers/STM32F4xx_HAL_Driver/Src/stm32f4xx_hal.o
 .debug_macro   0x00001038       0x8e ./Drivers/STM32F4xx_HAL_Driver/Src/stm32f4xx_hal.o
 .debug_macro   0x000010c6       0x51 ./Drivers/STM32F4xx_HAL_Driver/Src/stm32f4xx_hal.o
 .debug_macro   0x00001117      0x103 ./Drivers/STM32F4xx_HAL_Driver/Src/stm32f4xx_hal.o
 .debug_macro   0x0000121a       0x6a ./Drivers/STM32F4xx_HAL_Driver/Src/stm32f4xx_hal.o
 .debug_macro   0x00001284      0x1df ./Drivers/STM32F4xx_HAL_Driver/Src/stm32f4xx_hal.o
 .debug_macro   0x00001463       0x1c ./Drivers/STM32F4xx_HAL_Driver/Src/stm32f4xx_hal.o
 .debug_macro   0x0000147f       0x22 ./Drivers/STM32F4xx_HAL_Driver/Src/stm32f4xx_hal.o
 .debug_macro   0x000014a1       0xfb ./Drivers/STM32F4xx_HAL_Driver/Src/stm32f4xx_hal.o
 .debug_macro   0x0000159c     0x1011 ./Drivers/STM32F4xx_HAL_Driver/Src/stm32f4xx_hal.o
 .debug_macro   0x000025ad      0x11f ./Drivers/STM32F4xx_HAL_Driver/Src/stm32f4xx_hal.o
 .debug_macro   0x000026cc    0x17ff1 ./Drivers/STM32F4xx_HAL_Driver/Src/stm32f4xx_hal.o
 .debug_macro   0x0001a6bd       0x6d ./Drivers/STM32F4xx_HAL_Driver/Src/stm32f4xx_hal.o
 .debug_macro   0x0001a72a     0x370a ./Drivers/STM32F4xx_HAL_Driver/Src/stm32f4xx_hal.o
 .debug_macro   0x0001de34      0x190 ./Drivers/STM32F4xx_HAL_Driver/Src/stm32f4xx_hal.o
 .debug_macro   0x0001dfc4       0x5c ./Drivers/STM32F4xx_HAL_Driver/Src/stm32f4xx_hal.o
 .debug_macro   0x0001e020      0xcba ./Drivers/STM32F4xx_HAL_Driver/Src/stm32f4xx_hal.o
 .debug_macro   0x0001ecda      0x9e9 ./Drivers/STM32F4xx_HAL_Driver/Src/stm32f4xx_hal.o
 .debug_macro   0x0001f6c3      0x115 ./Drivers/STM32F4xx_HAL_Driver/Src/stm32f4xx_hal.o
 .debug_macro   0x0001f7d8      0x156 ./Drivers/STM32F4xx_HAL_Driver/Src/stm32f4xx_hal.o
 .debug_macro   0x0001f92e       0xa5 ./Drivers/STM32F4xx_HAL_Driver/Src/stm32f4xx_hal.o
 .debug_macro   0x0001f9d3      0x182 ./Drivers/STM32F4xx_HAL_Driver/Src/stm32f4xx_hal.o
 .debug_macro   0x0001fb55      0x287 ./Drivers/STM32F4xx_HAL_Driver/Src/stm32f4xx_hal.o
 .debug_macro   0x0001fddc       0x5f ./Drivers/STM32F4xx_HAL_Driver/Src/stm32f4xx_hal.o
 .debug_macro   0x0001fe3b      0x236 ./Drivers/STM32F4xx_HAL_Driver/Src/stm32f4xx_hal.o
 .debug_macro   0x00020071      0x132 ./Drivers/STM32F4xx_HAL_Driver/Src/stm32f4xx_hal.o
 .debug_macro   0x000201a3      0x41d ./Drivers/STM32F4xx_HAL_Driver/Src/stm32f4xx_hal.o
 .debug_macro   0x000205c0       0x2e ./Drivers/STM32F4xx_HAL_Driver/Src/stm32f4xx_hal.o
 .debug_macro   0x000205ee      0x1b5 ./Drivers/STM32F4xx_HAL_Driver/Src/stm32f4xx_hal.o
 .debug_macro   0x000207a3       0x22 ./Drivers/STM32F4xx_HAL_Driver/Src/stm32f4xx_hal.o
 .debug_macro   0x000207c5       0xd6 ./Drivers/STM32F4xx_HAL_Driver/Src/stm32f4xx_hal.o
 .debug_macro   0x0002089b      0x127 ./Drivers/STM32F4xx_HAL_Driver/Src/stm32f4xx_hal.o
 .debug_macro   0x000209c2       0xe2 ./Drivers/STM32F4xx_HAL_Driver/Src/stm32f4xx_hal.o
 .debug_macro   0x00020aa4       0x89 ./Drivers/STM32F4xx_HAL_Driver/Src/stm32f4xx_hal.o
 .debug_macro   0x00020b2d      0x225 ./Drivers/STM32F4xx_HAL_Driver/Src/stm32f4xx_hal.o
 .debug_macro   0x00020d52      0x8ed ./Drivers/STM32F4xx_HAL_Driver/Src/stm32f4xx_hal.o
 .debug_macro   0x0002163f       0x4d ./Drivers/STM32F4xx_HAL_Driver/Src/stm32f4xx_hal.o
 .debug_macro   0x0002168c      0x134 ./Drivers/STM32F4xx_HAL_Driver/Src/stm32f4xx_hal.o
 .debug_macro   0x000217c0      0x1e7 ./Drivers/STM32F4xx_HAL_Driver/Src/stm32f4xx_hal_cortex.o
 .debug_macro   0x000219a7      0x1ed ./Drivers/STM32F4xx_HAL_Driver/Src/stm32f4xx_hal_dma.o
 .debug_macro   0x00021b94      0x1ed ./Drivers/STM32F4xx_HAL_Driver/Src/stm32f4xx_hal_gpio.o
 .debug_macro   0x00021d81      0x235 ./Drivers/STM32F4xx_HAL_Driver/Src/stm32f4xx_hal_i2c.o
 .debug_macro   0x00021fb6      0x1e7 ./Drivers/STM32F4xx_HAL_Driver/Src/stm32f4xx_hal_i2c_ex.o
 .debug_macro   0x0002219d      0x20b ./Drivers/STM32F4xx_HAL_Driver/Src/stm32f4xx_hal_rcc.o
 .debug_macro   0x000223a8      0x1f6 ./Drivers/STM32F4xx_HAL_Driver/Src/stm32f4xx_hal_spi.o
 .debug_macro   0x0002259e      0x1e8 ./Drivers/STM32F4xx_HAL_Driver/Src/stm32f4xx_hal_tim.o
 .debug_macro   0x00022786      0x1e7 ./Drivers/STM32F4xx_HAL_Driver/Src/stm32f4xx_hal_tim_ex.o
 .debug_macro   0x0002296d      0x204 ./Src/adxl345_i2c.o
 .debug_macro   0x00022b71       0xbe ./Src/adxl345_i2c.o
 .debug_macro   0x00022c2f      0x1fa ./Src/l3gd20.o
 .debug_macro   0x00022e29       0xac ./Src/l3gd20.o
 .debug_macro   0x00022ed5      0x2bd ./Src/main.o
 .debug_macro   0x00023192      0x4d6 ./Src/main.o
 .debug_macro   0x00023668       0xb2 ./Src/main.o
 .debug_macro   0x0002371a       0x61 ./Src/main.o
 .debug_macro   0x0002377b       0x2a ./Src/main.o
 .debug_macro   0x000237a5       0x43 ./Src/main.o
 .debug_macro   0x000237e8       0x34 ./Src/main.o
 .debug_macro   0x0002381c      0x364 ./Src/main.o
 .debug_macro   0x00023b80       0x16 ./Src/main.o
 .debug_macro   0x00023b96       0x4a ./Src/main.o
 .debug_macro   0x00023be0       0x34 ./Src/main.o
 .debug_macro   0x00023c14       0x10 ./Src/main.o
 .debug_macro   0x00023c24       0x58 ./Src/main.o
 .debug_macro   0x00023c7c       0x8e ./Src/main.o
 .debug_macro   0x00023d0a       0x1c ./Src/main.o
 .debug_macro   0x00023d26      0x17e ./Src/main.o
 .debug_macro   0x00023ea4      0x19b ./Src/main.o
 .debug_macro   0x0002403f      0x1f6 ./Src/stm32f4xx_hal_msp.o
 .debug_macro   0x00024235      0x200 ./Src/stm32f4xx_it.o
 .debug_macro   0x00024435      0x1e7 ./Src/system_stm32f4xx.o

.debug_line     0x00000000    0x12b1a
 .debug_line    0x00000000      0xaa0 ./Drivers/STM32F4xx_HAL_Driver/Src/stm32f4xx_hal.o
 .debug_line    0x00000aa0      0xd37 ./Drivers/STM32F4xx_HAL_Driver/Src/stm32f4xx_hal_cortex.o
 .debug_line    0x000017d7      0xfd3 ./Drivers/STM32F4xx_HAL_Driver/Src/stm32f4xx_hal_dma.o
 .debug_line    0x000027aa      0xbe4 ./Drivers/STM32F4xx_HAL_Driver/Src/stm32f4xx_hal_gpio.o
 .debug_line    0x0000338e     0x3b14 ./Drivers/STM32F4xx_HAL_Driver/Src/stm32f4xx_hal_i2c.o
 .debug_line    0x00006ea2      0x7f0 ./Drivers/STM32F4xx_HAL_Driver/Src/stm32f4xx_hal_i2c_ex.o
 .debug_line    0x00007692      0xe76 ./Drivers/STM32F4xx_HAL_Driver/Src/stm32f4xx_hal_rcc.o
 .debug_line    0x00008508     0x1d02 ./Drivers/STM32F4xx_HAL_Driver/Src/stm32f4xx_hal_spi.o
 .debug_line    0x0000a20a     0x37e2 ./Drivers/STM32F4xx_HAL_Driver/Src/stm32f4xx_hal_tim.o
 .debug_line    0x0000d9ec     0x19c7 ./Drivers/STM32F4xx_HAL_Driver/Src/stm32f4xx_hal_tim_ex.o
 .debug_line    0x0000f3b3      0x82e ./Src/adxl345_i2c.o
 .debug_line    0x0000fbe1      0x86b ./Src/l3gd20.o
 .debug_line    0x0001044c      0xd3d ./Src/main.o
 .debug_line    0x00011189      0x8b2 ./Src/stm32f4xx_hal_msp.o
 .debug_line    0x00011a3b      0x87f ./Src/stm32f4xx_it.o
 .debug_line    0x000122ba      0x7e6 ./Src/system_stm32f4xx.o
 .debug_line    0x00012aa0       0x7a ./Startup/startup_stm32f429zitx.o

.debug_str      0x00000000    0xdd4da
 .debug_str     0x00000000    0xdd4da ./Drivers/STM32F4xx_HAL_Driver/Src/stm32f4xx_hal.o
                              0xd4ce3 (size before relaxing)
 .debug_str     0x000dd4da    0xd4a11 ./Drivers/STM32F4xx_HAL_Driver/Src/stm32f4xx_hal_cortex.o
 .debug_str     0x000dd4da    0xd44c7 ./Drivers/STM32F4xx_HAL_Driver/Src/stm32f4xx_hal_dma.o
 .debug_str     0x000dd4da    0xd423b ./Drivers/STM32F4xx_HAL_Driver/Src/stm32f4xx_hal_gpio.o
 .debug_str     0x000dd4da    0xd50d0 ./Drivers/STM32F4xx_HAL_Driver/Src/stm32f4xx_hal_i2c.o
 .debug_str     0x000dd4da    0xd448f ./Drivers/STM32F4xx_HAL_Driver/Src/stm32f4xx_hal_i2c_ex.o
 .debug_str     0x000dd4da    0xd44f4 ./Drivers/STM32F4xx_HAL_Driver/Src/stm32f4xx_hal_rcc.o
 .debug_str     0x000dd4da    0xd496b ./Drivers/STM32F4xx_HAL_Driver/Src/stm32f4xx_hal_spi.o
 .debug_str     0x000dd4da    0xd5437 ./Drivers/STM32F4xx_HAL_Driver/Src/stm32f4xx_hal_tim.o
 .debug_str     0x000dd4da    0xd4c43 ./Drivers/STM32F4xx_HAL_Driver/Src/stm32f4xx_hal_tim_ex.o
 .debug_str     0x000dd4da    0xd47cc ./Src/adxl345_i2c.o
 .debug_str     0x000dd4da    0xd46c6 ./Src/l3gd20.o
 .debug_str     0x000dd4da    0xda1f4 ./Src/main.o
 .debug_str     0x000dd4da    0xd604f ./Src/stm32f4xx_hal_msp.o
 .debug_str     0x000dd4da    0xd56d4 ./Src/stm32f4xx_it.o
 .debug_str     0x000dd4da    0xd40bb ./Src/system_stm32f4xx.o
 .debug_str     0x000dd4da       0x6a ./Startup/startup_stm32f429zitx.o

.comment        0x00000000       0x43
 .comment       0x00000000       0x43 ./Drivers/STM32F4xx_HAL_Driver/Src/stm32f4xx_hal.o
                                 0x44 (size before relaxing)
 .comment       0x00000043       0x44 ./Drivers/STM32F4xx_HAL_Driver/Src/stm32f4xx_hal_cortex.o
 .comment       0x00000043       0x44 ./Drivers/STM32F4xx_HAL_Driver/Src/stm32f4xx_hal_dma.o
 .comment       0x00000043       0x44 ./Drivers/STM32F4xx_HAL_Driver/Src/stm32f4xx_hal_gpio.o
 .comment       0x00000043       0x44 ./Drivers/STM32F4xx_HAL_Driver/Src/stm32f4xx_hal_i2c.o
 .comment       0x00000043       0x44 ./Drivers/STM32F4xx_HAL_Driver/Src/stm32f4xx_hal_i2c_ex.o
 .comment       0x00000043       0x44 ./Drivers/STM32F4xx_HAL_Driver/Src/stm32f4xx_hal_rcc.o
 .comment       0x00000043       0x44 ./Drivers/STM32F4xx_HAL_Driver/Src/stm32f4xx_hal_spi.o
 .comment       0x00000043       0x44 ./Drivers/STM32F4xx_HAL_Driver/Src/stm32f4xx_hal_tim.o
 .comment       0x00000043       0x44 ./Drivers/STM32F4xx_HAL_Driver/Src/stm32f4xx_hal_tim_ex.o
 .comment       0x00000043       0x44 ./Src/adxl345_i2c.o
 .comment       0x00000043       0x44 ./Src/l3gd20.o
 .comment       0x00000043       0x44 ./Src/main.o
 .comment       0x00000043       0x44 ./Src/stm32f4xx_hal_msp.o
 .comment       0x00000043       0x44 ./Src/stm32f4xx_it.o
 .comment       0x00000043       0x44 ./Src/system_stm32f4xx.o

.debug_frame    0x00000000     0x3fc8
 .debug_frame   0x00000000      0x354 ./Drivers/STM32F4xx_HAL_Driver/Src/stm32f4xx_hal.o
 .debug_frame   0x00000354      0x4b8 ./Drivers/STM32F4xx_HAL_Driver/Src/stm32f4xx_hal_cortex.o
 .debug_frame   0x0000080c      0x230 ./Drivers/STM32F4xx_HAL_Driver/Src/stm32f4xx_hal_dma.o
 .debug_frame   0x00000a3c      0x130 ./Drivers/STM32F4xx_HAL_Driver/Src/stm32f4xx_hal_gpio.o
 .debug_frame   0x00000b6c      0xbf4 ./Drivers/STM32F4xx_HAL_Driver/Src/stm32f4xx_hal_i2c.o
 .debug_frame   0x00001760       0x58 ./Drivers/STM32F4xx_HAL_Driver/Src/stm32f4xx_hal_i2c_ex.o
 .debug_frame   0x000017b8      0x1d8 ./Drivers/STM32F4xx_HAL_Driver/Src/stm32f4xx_hal_rcc.o
 .debug_frame   0x00001990      0x7e0 ./Drivers/STM32F4xx_HAL_Driver/Src/stm32f4xx_hal_spi.o
 .debug_frame   0x00002170     0x10f0 ./Drivers/STM32F4xx_HAL_Driver/Src/stm32f4xx_hal_tim.o
 .debug_frame   0x00003260      0x600 ./Drivers/STM32F4xx_HAL_Driver/Src/stm32f4xx_hal_tim_ex.o
 .debug_frame   0x00003860       0xe8 ./Src/adxl345_i2c.o
 .debug_frame   0x00003948       0x94 ./Src/l3gd20.o
 .debug_frame   0x000039dc      0x17c ./Src/main.o
 .debug_frame   0x00003b58      0x10c ./Src/stm32f4xx_hal_msp.o
 .debug_frame   0x00003c64      0x168 ./Src/stm32f4xx_it.o
 .debug_frame   0x00003dcc       0x50 ./Src/system_stm32f4xx.o
 .debug_frame   0x00003e1c       0x20 D:/ST/STM32CubeIDE_2.1.0/STM32CubeIDE/plugins/com.st.stm32cube.ide.mcu.externaltools.gnu-tools-for-stm32.14.3.rel1.win32_1.0.100.202602081740/tools/bin/../lib/gcc/arm-none-eabi/14.3.1/../../../../arm-none-eabi/lib/thumb/v7e-m+fp/hard\libc_nano.a(libc_a-memset.o)
 .debug_frame   0x00003e3c       0x2c D:/ST/STM32CubeIDE_2.1.0/STM32CubeIDE/plugins/com.st.stm32cube.ide.mcu.externaltools.gnu-tools-for-stm32.14.3.rel1.win32_1.0.100.202602081740/tools/bin/../lib/gcc/arm-none-eabi/14.3.1/../../../../arm-none-eabi/lib/thumb/v7e-m+fp/hard\libc_nano.a(libc_a-init.o)
 .debug_frame   0x00003e68       0x30 D:/ST/STM32CubeIDE_2.1.0/STM32CubeIDE/plugins/com.st.stm32cube.ide.mcu.externaltools.gnu-tools-for-stm32.14.3.rel1.win32_1.0.100.202602081740/tools/bin/../lib/gcc/arm-none-eabi/14.3.1/thumb/v7e-m+fp/hard\libgcc.a(_arm_muldf3.o)
 .debug_frame   0x00003e98       0xac D:/ST/STM32CubeIDE_2.1.0/STM32CubeIDE/plugins/com.st.stm32cube.ide.mcu.externaltools.gnu-tools-for-stm32.14.3.rel1.win32_1.0.100.202602081740/tools/bin/../lib/gcc/arm-none-eabi/14.3.1/thumb/v7e-m+fp/hard\libgcc.a(_arm_addsubdf3.o)
 .debug_frame   0x00003f44       0x24 D:/ST/STM32CubeIDE_2.1.0/STM32CubeIDE/plugins/com.st.stm32cube.ide.mcu.externaltools.gnu-tools-for-stm32.14.3.rel1.win32_1.0.100.202602081740/tools/bin/../lib/gcc/arm-none-eabi/14.3.1/thumb/v7e-m+fp/hard\libgcc.a(_arm_truncdfsf2.o)
 .debug_frame   0x00003f68       0x2c D:/ST/STM32CubeIDE_2.1.0/STM32CubeIDE/plugins/com.st.stm32cube.ide.mcu.externaltools.gnu-tools-for-stm32.14.3.rel1.win32_1.0.100.202602081740/tools/bin/../lib/gcc/arm-none-eabi/14.3.1/thumb/v7e-m+fp/hard\libgcc.a(_aeabi_uldivmod.o)
 .debug_frame   0x00003f94       0x34 D:/ST/STM32CubeIDE_2.1.0/STM32CubeIDE/plugins/com.st.stm32cube.ide.mcu.externaltools.gnu-tools-for-stm32.14.3.rel1.win32_1.0.100.202602081740/tools/bin/../lib/gcc/arm-none-eabi/14.3.1/thumb/v7e-m+fp/hard\libgcc.a(_udivmoddi4.o)

.debug_line_str
                0x00000000       0x4e
 .debug_line_str
                0x00000000       0x4e ./Startup/startup_stm32f429zitx.o
