../Src/main.c:95:5:main	32	static
../Src/main.c:159:6:SystemClock_Config	88	static
../Src/main.c:206:13:MX_I2C3_Init	8	static
../Src/main.c:254:13:MX_SPI5_Init	8	static
../Src/main.c:292:13:MX_TIM2_Init	32	static
../Src/main.c:335:13:MX_DMA_Init	16	static
../Src/main.c:360:13:MX_GPIO_Init	64	static
../Src/main.c:600:6:HAL_TIM_PeriodElapsedCallback	16	static
../Src/main.c:607:6:HAL_SPI_TxRxCpltCallback	16	static
../Src/main.c:614:6:HAL_I2C_MemRxCpltCallback	16	static
../Src/main.c:619:13:calculate_angle	4	static
../Src/main.c:664:6:Error_Handler	4	static,ignoring_inline_asm
